// Jest Snapshot v1, https://goo.gl/fbAQLP

exports[`ReviewCard component renders correctly 1`] = `
<div
  className="review"
>
  <blockquote
    className="review__quote"
  >
    <p
      className="review__text"
    >
      Bla-bla-bla. This is some review test
    </p>
    <footer
      className="review__details"
    >
      <cite
        className="review__author"
      >
        Doctor Who
      </cite>
      <time
        className="review__date"
        dateTime="2020-06-28"
      >
        June 28, 2020
      </time>
    </footer>
  </blockquote>
  <div
    className="review__rating"
  >
    7.7
  </div>
</div>
`;
