// Jest Snapshot v1, https://goo.gl/fbAQLP

exports[`MovieCard component renders correctly 1`] = `
<article
  className="small-movie-card catalog__movies-card"
  onMouseEnter={[MockFunction]}
  onMouseLeave={[MockFunction]}
>
  <div
    className="small-movie-card__image"
    onClick={[MockFunction]}
  >
    <video
      className="player__video"
      muted={true}
      playsInline={true}
      poster="img/aviator.jpg"
      src="https://example.com/video.mp4"
    />
  </div>
  <h3
    className="small-movie-card__title"
    onClick={[MockFunction]}
  >
    <a
      className="small-movie-card__link"
      href="movie-page.html"
    >
      Aviator
    </a>
  </h3>
</article>
`;
